main.c:819:13:SPI5_Write	16	static
main.c:931:13:TouchGFX_Task	8	static
main.c:223:6:SystemClock_Config	152	static
main.c:142:5:main	152	static
main.c:663:6:IOE_Init	0	static
main.c:672:6:IOE_ITConfig	0	static
main.c:684:6:IOE_Write	32	static
main.c:695:9:IOE_Read	32	static
main.c:708:10:IOE_ReadMultiple	24	static
main.c:717:6:IOE_Delay	0	static
main.c:845:6:LCD_IO_Init	8	static
main.c:855:6:LCD_IO_WriteData	16	static
main.c:871:6:LCD_IO_WriteReg	16	static
main.c:890:10:LCD_IO_ReadData	32	static
main.c:917:6:LCD_Delay	0	static
main.c:950:6:HAL_TIM_PeriodElapsedCallback	0	static
main.c:967:6:Error_Handler	0	static
