Screen.hpp:107:18:virtual void touchgfx::Screen::afterTransition()	0	static
Screen.hpp:157:18:virtual void touchgfx::Screen::handleKeyEvent(uint8_t)	0	static
Screen1View.hpp:11:13:Screen1View::~Screen1View()	0	static
Screen1View.cpp:16:6:virtual void Screen1View::tearDownScreen()	0	static
Screen1View.cpp:56:6:virtual void Screen1View::start()	0	static
Screen1View.cpp:8:6:virtual void Screen1View::setupScreen()	16	static
Screen1View.cpp:21:6:virtual void Screen1View::reset()	0	static
Screen1View.hpp:11:13:virtual Screen1View::~Screen1View()	8	static
Screen1View.cpp:29:6:virtual void Screen1View::handleTickEvent()	0	static
Screen1View.cpp:3:1:Screen1View::Screen1View()	8	static
