Screen.hpp:107:18:virtual void touchgfx::Screen::afterTransition()	0	static
Screen.hpp:147:18:virtual void touchgfx::Screen::handleTickEvent()	0	static
Screen.hpp:157:18:virtual void touchgfx::Screen::handleKeyEvent(uint8_t)	0	static
SetValueView.cpp:14:6:virtual void SetValueView::tearDownScreen()	0	static
SetValueView.cpp:42:6:virtual void SetValueView::setTime()	0	static
DrawableList.hpp:79:7:touchgfx::DrawableListItems<MinutesContainer, 5>::~DrawableListItems()	16	static
DrawableList.hpp:79:7:touchgfx::DrawableListItems<SelectedMinuteContainer, 2>::~DrawableListItems()	16	static
DrawableList.hpp:79:7:touchgfx::DrawableListItems<SecondContainer, 5>::~DrawableListItems()	16	static
DrawableList.hpp:79:7:touchgfx::DrawableListItems<SelectedSecondContainer, 2>::~DrawableListItems()	16	static
DrawableList.hpp:101:21:int16_t touchgfx::DrawableListItems<TYPE, SIZE>::getNumberOfDrawables() [with TYPE = SelectedSecondContainer; int SIZE = 2]	0	static
DrawableList.hpp:101:21:int16_t touchgfx::DrawableListItems<TYPE, SIZE>::getNumberOfDrawables() [with TYPE = SecondContainer; int SIZE = 5]	0	static
DrawableList.hpp:101:21:int16_t touchgfx::DrawableListItems<TYPE, SIZE>::getNumberOfDrawables() [with TYPE = SelectedMinuteContainer; int SIZE = 2]	0	static
DrawableList.hpp:101:21:int16_t touchgfx::DrawableListItems<TYPE, SIZE>::getNumberOfDrawables() [with TYPE = MinutesContainer; int SIZE = 5]	0	static
SetValueView.cpp:8:6:virtual void SetValueView::setupScreen()	0	static
SetValueView.cpp:24:6:virtual void SetValueView::scrollWheelMinutesUpdateItem(MinutesContainer&, int16_t)	0	static
SetValueView.cpp:30:6:virtual void SetValueView::scrollWheelMinutesUpdateCenterItem(SelectedMinuteContainer&, int16_t)	16	static
SetValueView.cpp:19:6:virtual void SetValueView::scrollWheelSecondsUpdateItem(SecondContainer&, int16_t)	0	static
SetValueView.cpp:37:6:virtual void SetValueView::scrollWheelSecondsUpdateCenterItem(SelectedSecondContainer&, int16_t)	16	static
DrawableList.hpp:79:7:virtual touchgfx::DrawableListItems<SelectedSecondContainer, 2>::~DrawableListItems()	8	static
DrawableList.hpp:79:7:virtual touchgfx::DrawableListItems<SecondContainer, 5>::~DrawableListItems()	8	static
DrawableList.hpp:79:7:virtual touchgfx::DrawableListItems<SelectedMinuteContainer, 2>::~DrawableListItems()	8	static
DrawableList.hpp:79:7:virtual touchgfx::DrawableListItems<MinutesContainer, 5>::~DrawableListItems()	8	static
DrawableList.hpp:82:23:touchgfx::Drawable* touchgfx::DrawableListItems<TYPE, SIZE>::getDrawable(int16_t) [with TYPE = SelectedSecondContainer; int SIZE = 2]	8	static
DrawableList.hpp:82:23:touchgfx::Drawable* touchgfx::DrawableListItems<TYPE, SIZE>::getDrawable(int16_t) [with TYPE = SecondContainer; int SIZE = 5]	8	static
DrawableList.hpp:82:23:touchgfx::Drawable* touchgfx::DrawableListItems<TYPE, SIZE>::getDrawable(int16_t) [with TYPE = SelectedMinuteContainer; int SIZE = 2]	8	static
DrawableList.hpp:82:23:touchgfx::Drawable* touchgfx::DrawableListItems<TYPE, SIZE>::getDrawable(int16_t) [with TYPE = MinutesContainer; int SIZE = 5]	8	static
SetValueViewBase.hpp:24:13:SetValueViewBase::~SetValueViewBase()	8	static
SetValueView.hpp:11:13:SetValueView::~SetValueView()	8	static
SetValueView.hpp:11:13:virtual SetValueView::~SetValueView()	8	static
SetValueViewBase.hpp:24:13:virtual SetValueViewBase::~SetValueViewBase()	8	static
SetValueView.cpp:3:1:SetValueView::SetValueView()	8	static
