Screen.hpp:107:18:virtual void touchgfx::Screen::afterTransition()	0	static
Screen.hpp:147:18:virtual void touchgfx::Screen::handleTickEvent()	0	static
Screen.hpp:157:18:virtual void touchgfx::Screen::handleKeyEvent(uint8_t)	0	static
SetValueViewBase.hpp:37:18:virtual void SetValueViewBase::setTime()	0	static
SetValueView.cpp:13:6:virtual void SetValueView::tearDownScreen()	0	static
DrawableList.hpp:79:7:touchgfx::DrawableListItems<MinutesContainer, 4>::~DrawableListItems()	16	static
DrawableList.hpp:79:7:touchgfx::DrawableListItems<SecondContainer, 4>::~DrawableListItems()	16	static
DrawableList.hpp:101:21:int16_t touchgfx::DrawableListItems<TYPE, SIZE>::getNumberOfDrawables() [with TYPE = SecondContainer; int SIZE = 4]	0	static
DrawableList.hpp:101:21:int16_t touchgfx::DrawableListItems<TYPE, SIZE>::getNumberOfDrawables() [with TYPE = MinutesContainer; int SIZE = 4]	0	static
SetValueView.cpp:8:6:virtual void SetValueView::setupScreen()	0	static
SetValueView.cpp:23:6:virtual void SetValueView::scrollWheelMinutesUpdateItem(MinutesContainer&, int16_t)	0	static
SetValueView.cpp:18:6:virtual void SetValueView::scrollWheelSecondsUpdateItem(SecondContainer&, int16_t)	0	static
DrawableList.hpp:79:7:virtual touchgfx::DrawableListItems<SecondContainer, 4>::~DrawableListItems()	8	static
DrawableList.hpp:79:7:virtual touchgfx::DrawableListItems<MinutesContainer, 4>::~DrawableListItems()	8	static
DrawableList.hpp:82:23:touchgfx::Drawable* touchgfx::DrawableListItems<TYPE, SIZE>::getDrawable(int16_t) [with TYPE = SecondContainer; int SIZE = 4]	8	static
DrawableList.hpp:82:23:touchgfx::Drawable* touchgfx::DrawableListItems<TYPE, SIZE>::getDrawable(int16_t) [with TYPE = MinutesContainer; int SIZE = 4]	8	static
SetValueView.hpp:11:13:SetValueView::~SetValueView()	8	static
SetValueView.hpp:11:13:virtual SetValueView::~SetValueView()	8	static
SetValueView.cpp:3:1:SetValueView::SetValueView()	8	static
SetValueView.cpp:28:6:void SetValueView::setItemPressedCallback(touchgfx::GenericCallback<short int>&)	0	static
