Application.hpp:77:18:virtual void touchgfx::Application::appSwitchScreen(uint8_t)	0	static
Application.hpp:89:18:virtual void touchgfx::Application::requestRedraw(touchgfx::Rect&)	0	static
Transition.hpp:75:18:virtual void touchgfx::Transition::tearDown()	0	static
Transition.hpp:83:18:virtual void touchgfx::Transition::init()	0	static
Transition.hpp:103:18:virtual void touchgfx::Transition::setScreenContainer(touchgfx::Container&)	0	static
MVPApplication.hpp:47:7:touchgfx::MVPApplication::~MVPApplication()	0	static
FrontendApplicationBase.hpp:16:13:FrontendApplicationBase::~FrontendApplicationBase()	0	static
NoTransition.hpp:38:18:virtual void touchgfx::NoTransition::handleTickEvent()	0	static
Callback.hpp:362:8:touchgfx::Callback<touchgfx::SlideTransition<touchgfx::EAST>, touchgfx::Drawable&, void, void>::~Callback()	0	static
SlideTransition.hpp:202:18:void touchgfx::SlideTransition<templateDirection>::tickMoveDrawable(touchgfx::Drawable&) [with touchgfx::Direction templateDirection = touchgfx::EAST]	4	static
SlideTransition.hpp:41:7:touchgfx::SlideTransition<touchgfx::EAST>::~SlideTransition()	0	static
NoTransition.hpp:34:7:touchgfx::NoTransition::~NoTransition()	0	static
Callback.hpp:430:8:touchgfx::Callback<FrontendApplicationBase>::~Callback()	0	static
SlideTransition.hpp:175:18:void touchgfx::SlideTransition<templateDirection>::initMoveDrawable(touchgfx::Drawable&) [with touchgfx::Direction templateDirection = touchgfx::EAST]	0	static
Callback.hpp:392:18:void touchgfx::Callback<dest_type, T1, void, void>::execute(T1) [with dest_type = touchgfx::SlideTransition<touchgfx::EAST>; T1 = touchgfx::Drawable&]	8	static
Callback.hpp:402:18:bool touchgfx::Callback<dest_type, T1, void, void>::isValid() const [with dest_type = touchgfx::SlideTransition<touchgfx::EAST>; T1 = touchgfx::Drawable&]	0	static
Callback.hpp:456:18:void touchgfx::Callback<dest_type, void, void, void>::execute() [with dest_type = FrontendApplicationBase]	4	static
Callback.hpp:466:18:bool touchgfx::Callback<dest_type, void, void, void>::isValid() const [with dest_type = FrontendApplicationBase]	0	static
NoTransition.hpp:34:7:virtual touchgfx::NoTransition::~NoTransition()	8	static
Callback.hpp:430:8:virtual touchgfx::Callback<FrontendApplicationBase>::~Callback()	8	static
MVPApplication.hpp:47:7:virtual touchgfx::MVPApplication::~MVPApplication()	8	static
FrontendApplicationBase.hpp:16:13:virtual FrontendApplicationBase::~FrontendApplicationBase()	8	static
SlideTransition.hpp:41:7:virtual touchgfx::SlideTransition<touchgfx::EAST>::~SlideTransition()	8	static
Callback.hpp:362:8:virtual touchgfx::Callback<touchgfx::SlideTransition<touchgfx::EAST>, touchgfx::Drawable&, void, void>::~Callback()	8	static
Transition.hpp:92:18:virtual void touchgfx::Transition::invalidate()	8	static
SlideTransition.hpp:148:18:void touchgfx::SlideTransition<templateDirection>::tearDown() [with touchgfx::Direction templateDirection = touchgfx::EAST]	0	static
SlideTransition.hpp:91:18:void touchgfx::SlideTransition<templateDirection>::handleTickEvent() [with touchgfx::Direction templateDirection = touchgfx::EAST]	8	static
MVPApplication.hpp:63:18:virtual void touchgfx::MVPApplication::handlePendingScreenTransition()	8	static
SlideTransition.hpp:156:18:void touchgfx::SlideTransition<templateDirection>::init() [with touchgfx::Direction templateDirection = touchgfx::EAST]	24	static
FrontendApplicationBase.cpp:23:1:FrontendApplicationBase::FrontendApplicationBase(Model&, FrontendHeap&)	24	static
FrontendApplicationBase.cpp:40:6:void FrontendApplicationBase::gotoScreen1ScreenSlideTransitionEast()	0	static
FrontendApplicationBase.cpp:53:6:void FrontendApplicationBase::gotoMainScreenNoTransition()	0	static
FrontendApplicationBase.cpp:64:6:void FrontendApplicationBase::gotoMainScreenSlideTransitionEast()	0	static
FrontendApplicationBase.cpp:77:6:void FrontendApplicationBase::gotoMinutnikScreenSlideTransitionEast()	0	static
FrontendApplicationBase.cpp:90:6:void FrontendApplicationBase::gotoSetValueScreenSlideTransitionEast()	0	static
MVPApplication.hpp:165:16:PresenterType* touchgfx::makeTransition(touchgfx::Screen**, touchgfx::Presenter**, touchgfx::MVPHeap&, touchgfx::Transition**, ModelType*) [with ScreenType = MainView; PresenterType = MainPresenter; TransType = touchgfx::NoTransition; ModelType = Model]	40	static
FrontendApplicationBase.cpp:59:6:void FrontendApplicationBase::gotoMainScreenNoTransitionImpl()	16	static
AbstractPartition.hpp:138:8:T& touchgfx::AbstractPartition::at(uint16_t) [with T = touchgfx::SlideTransition<touchgfx::EAST>]	0	static
SlideTransition.hpp:49:5:touchgfx::SlideTransition<templateDirection>::SlideTransition(uint8_t) [with touchgfx::Direction templateDirection = touchgfx::EAST]	24	static
MVPApplication.hpp:165:16:PresenterType* touchgfx::makeTransition(touchgfx::Screen**, touchgfx::Presenter**, touchgfx::MVPHeap&, touchgfx::Transition**, ModelType*) [with ScreenType = Screen1View; PresenterType = Screen1Presenter; TransType = touchgfx::SlideTransition<touchgfx::EAST>; ModelType = Model]	32	static
FrontendApplicationBase.cpp:46:6:void FrontendApplicationBase::gotoScreen1ScreenSlideTransitionEastImpl()	16	static
MVPApplication.hpp:165:16:PresenterType* touchgfx::makeTransition(touchgfx::Screen**, touchgfx::Presenter**, touchgfx::MVPHeap&, touchgfx::Transition**, ModelType*) [with ScreenType = MainView; PresenterType = MainPresenter; TransType = touchgfx::SlideTransition<touchgfx::EAST>; ModelType = Model]	32	static
FrontendApplicationBase.cpp:70:6:void FrontendApplicationBase::gotoMainScreenSlideTransitionEastImpl()	16	static
MVPApplication.hpp:165:16:PresenterType* touchgfx::makeTransition(touchgfx::Screen**, touchgfx::Presenter**, touchgfx::MVPHeap&, touchgfx::Transition**, ModelType*) [with ScreenType = MinutnikView; PresenterType = MinutnikPresenter; TransType = touchgfx::SlideTransition<touchgfx::EAST>; ModelType = Model]	32	static
FrontendApplicationBase.cpp:83:6:void FrontendApplicationBase::gotoMinutnikScreenSlideTransitionEastImpl()	16	static
MVPApplication.hpp:165:16:PresenterType* touchgfx::makeTransition(touchgfx::Screen**, touchgfx::Presenter**, touchgfx::MVPHeap&, touchgfx::Transition**, ModelType*) [with ScreenType = SetValueView; PresenterType = SetValuePresenter; TransType = touchgfx::SlideTransition<touchgfx::EAST>; ModelType = Model]	32	static
FrontendApplicationBase.cpp:96:6:void FrontendApplicationBase::gotoSetValueScreenSlideTransitionEastImpl()	16	static
